uv : Uninstalled 1 package in 57ms
Au caractère Ligne:1 : 37
+ ... r\backend"; uv run pytest tests/test_template_storage_service.py -v - ...
+                 ~~~~~~~~~~~~~~~~~~~~~~~~~~~~~~~~~~~~~~~~~~~~~~~~~~~~~~~~~
    + CategoryInfo          : NotSpecified: (Uninstalled 1 package in 57ms:String) [], RemoteException
    + FullyQualifiedErrorId : NativeCommandError
 
warning: Failed to hardlink files; falling back to full copy. This may lead to degraded performance.
         If the cache and target directories are on different filesystems, hardlinking may not be supported.
         If this is intentional, set `export UV_LINK_MODE=copy` or use `--link-mode=copy` to suppress this warning.
Installed 1 package in 414ms
============================= test session starts =============================
platform win32 -- Python 3.12.13, pytest-9.0.3, pluggy-1.6.0 -- E:\srcs\agflow.docker\backend\.venv\Scripts\python.exe
cachedir: .pytest_cache
rootdir: E:\srcs\agflow.docker\backend
configfile: pyproject.toml
plugins: asyncio-1.3.0, cov-7.1.0, anyio-4.13.0
asyncio: mode=Mode.AUTO, debug=False, asyncio_default_fixture_loop_scope=session, asyncio_default_test_loop_scope=session
collecting ... collected 14 items

tests/test_template_storage_service.py::test_list_all_empty ERROR        [  7%]
tests/test_template_storage_service.py::test_create_and_list ERROR       [ 14%]
tests/test_template_storage_service.py::test_create_duplicate_raises ERROR [ 21%]
tests/test_template_storage_service.py::test_update_display_name ERROR   [ 28%]
tests/test_template_storage_service.py::test_update_not_found_raises ERROR [ 35%]
tests/test_template_storage_service.py::test_delete ERROR                [ 42%]
tests/test_template_storage_service.py::test_delete_not_found_raises ERROR [ 50%]
tests/test_template_storage_service.py::test_write_and_read_file ERROR   [ 57%]
tests/test_template_storage_service.py::test_list_files_returns_culture ERROR [ 64%]
tests/test_template_storage_service.py::test_cultures_reflected_in_list_all ERROR [ 71%]
tests/test_template_storage_service.py::test_read_file_not_found_raises ERROR [ 78%]
tests/test_template_storage_service.py::test_delete_file ERROR           [ 85%]
